// Jest Snapshot v1, https://goo.gl/fbAQLP

exports[`Header should render properly 1`] = `
<DocumentFragment>
  <div
    class="main"
  >
    heloo
  </div>
</DocumentFragment>
`;
